### Starting TaskPrologue of job 11655656 on w1503 at Sat May 16 12:39:58 CEST 2026
#   SLURM_JOB_NODELIST=w1503
#   SLURM_JOB_NUM_NODES=1
#   SLURM_NTASKS=1
#   SLURM_NPROCS=1
#   SLURM_TASKS_PER_NODE=1
#   SLURM_JOB_CPUS_PER_NODE=1
#   SLURM_EXPORT_ENV=ALL,RUN_TIMESTAMP=20260516_123955
Running on cores 2 with govenor powersave
### Finished TaskPrologue
[Sat May 16 12:39:59 CEST 2026] Slurm Master Job Matrix Initialized: ID=11655656 | Array_ID=9
Targeting global output folder context: eval_20260516_123955
[Slurm Node Task 9] Assigned to target directory: eval_20260516_123955
[DECOMPRESSING] af-synthesis_wt-af-synthesis_stb_50_160_5.wcnf.xz into sandbox...
[STARTING] WMaxCDCL2024 on af-synthesis_wt-af-synthesis_stb_50_160_5.wcnf.xz
[FINISHED] WMaxCDCL2024 on af-synthesis_wt-af-synthesis_stb_50_160_5.wcnf.xz (4926.683s, Code: 30)
[Sat May 16 14:02:07 CEST 2026] Slurm Node Array Instance 9 complete.
=== JOB_STATISTICS ===
=== current date     : Sat May 16 14:02:07 CEST 2026
= Job-ID             : 11655656 on woody
= Job-Name           : mse2024_eval
= Job-Command        : /home/hpc/tunu/tunu104h/maxsat-evaluation-2024/submit_eval.sbatch
= Initial workdir    : /home/hpc/tunu/tunu104h/maxsat-evaluation-2024
= Queue/Partition    : work
= Slurm account      : tunu with QOS=normal
= Requested resources:  for 1-00:00:00
= Elapsed runtime    : 01:22:11
= Total RAM usage    : 1.0 GiB of requested  GiB (%)   
= Node list          : w1503
= Subm/Elig/Start/End: 2026-05-16T12:39:55 / 2026-05-16T12:39:55 / 2026-05-16T12:39:56 / 2026-05-16T14:02:07
======================
=== Quota infos ======
    Path                 Used     SoftQ    HardQ    Gracetime  Filec    FileQ    FiHaQ    FileGrace    
    /home/woody          2312.1M  1000.0G  1500.0G        N/A  40,812    5,000K   7,500K        N/A    
    /home/hpc              48.1G   104.9G   209.7G        N/A  42,089      500K   1,000K        N/A    
    /home/vault             0.0K  1048.6G  2097.2G        N/A       1      200K     400K        N/A    
