### Starting TaskPrologue of job 11954010 on w1423 at Sat Jun 20 11:51:40 CEST 2026
#   SLURM_JOB_NODELIST=w1423
#   SLURM_JOB_NUM_NODES=1
#   SLURM_NTASKS=1
#   SLURM_NPROCS=1
#   SLURM_TASKS_PER_NODE=1
#   SLURM_JOB_CPUS_PER_NODE=1
#   SLURM_EXPORT_ENV=ALL,RUN_TIMESTAMP=20260620_115136
Running on cores 3 with govenor powersave
### Finished TaskPrologue
[Sat Jun 20 11:51:41 CEST 2026] Slurm Master Job Matrix Initialized: ID=11954010 | Array_ID=2
Targeting global output folder context: eval_20260620_115136
[Slurm Node Task 2] Assigned to target directory: eval_20260620_115136
[DECOMPRESSING] uf250-045.wcnf.xz into sandbox...
[STARTING] WMaxCDCL2024 on uf250-045.wcnf.xz
[FINISHED] WMaxCDCL2024 on uf250-045.wcnf.xz (12.224s, Code: 30)
[Sat Jun 20 11:52:02 CEST 2026] Slurm Node Array Instance 2 complete.
=== JOB_STATISTICS ===
=== current date     : Sat Jun 20 11:52:02 CEST 2026
= Job-ID             : 11954010 on woody
= Job-Name           : mse2024_eval
= Job-Command        : /home/hpc/tunu/tunu104h/maxsat-evaluation-2024/submit_eval.sbatch
= Initial workdir    : /home/hpc/tunu/tunu104h/maxsat-evaluation-2024
= Queue/Partition    : work
= Slurm account      : tunu with QOS=normal
= Requested resources:  for 1-00:00:00
= Elapsed runtime    : 00:00:26
= Total RAM usage    : 0.1 GiB of requested  GiB (%)   
= Node list          : w1423
= Subm/Elig/Start/End: 2026-06-20T11:51:36 / 2026-06-20T11:51:36 / 2026-06-20T11:51:36 / 2026-06-20T11:52:02
======================
=== Quota infos ======
    Path                 Used     SoftQ    HardQ    Gracetime  Filec    FileQ    FiHaQ    FileGrace    
    /home/woody          2315.3M  1000.0G  1500.0G        N/A  40,862    5,000K   7,500K        N/A    
    /home/hpc              48.6G   104.9G   209.7G        N/A      52K     500K   1,000K        N/A    
    /home/vault             0.0K  1048.6G  2097.2G        N/A       1      200K     400K        N/A    
