### Starting TaskPrologue of job 11954404 on w1511 at Sat Jun 20 12:46:30 CEST 2026
#   SLURM_JOB_NODELIST=w1511
#   SLURM_JOB_NUM_NODES=1
#   SLURM_NTASKS=1
#   SLURM_NPROCS=1
#   SLURM_TASKS_PER_NODE=1
#   SLURM_JOB_CPUS_PER_NODE=1
#   SLURM_EXPORT_ENV=ALL,RUN_TIMESTAMP=20260620_123626
Running on cores 3 with govenor powersave
### Finished TaskPrologue
[Sat Jun 20 12:46:31 CEST 2026] Slurm Master Job Matrix Initialized: ID=11954404 | Array_ID=269
Targeting global output folder context: eval_20260620_123626
[Slurm Node Task 269] Assigned to target directory: eval_20260620_123626
[DECOMPRESSING] uf250-071.wcnf.xz into sandbox...
[STARTING] WMaxCDCL2024 on uf250-071.wcnf.xz
[FINISHED] WMaxCDCL2024 on uf250-071.wcnf.xz (123.395s, Code: 30)
[Sat Jun 20 12:48:36 CEST 2026] Slurm Node Array Instance 269 complete.
=== JOB_STATISTICS ===
=== current date     : Sat Jun 20 12:48:36 CEST 2026
= Job-ID             : 11954404 on woody
= Job-Name           : satlib_mse2024_eval
= Job-Command        : /home/hpc/tunu/tunu104h/maxsat-evaluation-2024/submit_eval.sbatch
= Initial workdir    : /home/hpc/tunu/tunu104h/maxsat-evaluation-2024
= Queue/Partition    : work
= Slurm account      : tunu with QOS=normal
= Requested resources:  for 1-00:00:00
= Elapsed runtime    : 00:02:10
= Total RAM usage    : 0.2 GiB of requested  GiB (%)   
= Node list          : w1511
= Subm/Elig/Start/End: 2026-06-20T12:36:26 / 2026-06-20T12:45:59 / 2026-06-20T12:46:26 / 2026-06-20T12:48:36
======================
=== Quota infos ======
    Path                 Used     SoftQ    HardQ    Gracetime  Filec    FileQ    FiHaQ    FileGrace    
    /home/woody          2315.3M  1000.0G  1500.0G        N/A  40,862    5,000K   7,500K        N/A    
    /home/hpc              48.6G   104.9G   209.7G        N/A      54K     500K   1,000K        N/A    
    /home/vault             0.0K  1048.6G  2097.2G        N/A       1      200K     400K        N/A    
