### Starting TaskPrologue of job 11954319 on w1440 at Sat Jun 20 12:43:06 CEST 2026
#   SLURM_JOB_NODELIST=w1440
#   SLURM_JOB_NUM_NODES=1
#   SLURM_NTASKS=1
#   SLURM_NPROCS=1
#   SLURM_TASKS_PER_NODE=1
#   SLURM_JOB_CPUS_PER_NODE=1
#   SLURM_EXPORT_ENV=ALL,RUN_TIMESTAMP=20260620_123626
Running on cores 1 with govenor powersave
### Finished TaskPrologue
[Sat Jun 20 12:43:07 CEST 2026] Slurm Master Job Matrix Initialized: ID=11954319 | Array_ID=184
Targeting global output folder context: eval_20260620_123626
[Slurm Node Task 184] Assigned to target directory: eval_20260620_123626
[DECOMPRESSING] uf250-085.wcnf.xz into sandbox...
[STARTING] WMaxCDCL2024 on uf250-085.wcnf.xz
[FINISHED] WMaxCDCL2024 on uf250-085.wcnf.xz (96.592s, Code: 30)
[Sat Jun 20 12:44:45 CEST 2026] Slurm Node Array Instance 184 complete.
=== JOB_STATISTICS ===
=== current date     : Sat Jun 20 12:44:45 CEST 2026
= Job-ID             : 11954319 on woody
= Job-Name           : satlib_mse2024_eval
= Job-Command        : /home/hpc/tunu/tunu104h/maxsat-evaluation-2024/submit_eval.sbatch
= Initial workdir    : /home/hpc/tunu/tunu104h/maxsat-evaluation-2024
= Queue/Partition    : work
= Slurm account      : tunu with QOS=normal
= Requested resources:  for 1-00:00:00
= Elapsed runtime    : 00:01:43
= Total RAM usage    : 0.2 GiB of requested  GiB (%)   
= Node list          : w1440
= Subm/Elig/Start/End: 2026-06-20T12:36:26 / 2026-06-20T12:42:31 / 2026-06-20T12:43:02 / 2026-06-20T12:44:45
======================
=== Quota infos ======
    Path                 Used     SoftQ    HardQ    Gracetime  Filec    FileQ    FiHaQ    FileGrace    
    /home/woody          2315.3M  1000.0G  1500.0G        N/A  40,862    5,000K   7,500K        N/A    
    /home/hpc              48.6G   104.9G   209.7G        N/A      53K     500K   1,000K        N/A    
    /home/vault             0.0K  1048.6G  2097.2G        N/A       1      200K     400K        N/A    
