### Starting TaskPrologue of job 11652759 on w1401 at Sat May 16 00:09:53 CEST 2026
#   SLURM_JOB_NODELIST=w1401
#   SLURM_JOB_NUM_NODES=1
#   SLURM_NTASKS=1
#   SLURM_NPROCS=1
#   SLURM_TASKS_PER_NODE=1
#   SLURM_JOB_CPUS_PER_NODE=1
#   SLURM_EXPORT_ENV=ALL,RUN_TIMESTAMP=20260516_000950
Running on cores 3 with govenor powersave
### Finished TaskPrologue
[Sat May 16 00:09:53 CEST 2026] Slurm Master Job Matrix Initialized: ID=11652759 | Array_ID=13
Targeting global output folder context: eval_20260516_000950
[Slurm Node Task 13] Assigned to target directory: eval_20260516_000950
[DECOMPRESSING] spot5_wt-29.wcsp.dir.wcnf.xz into sandbox...
[STARTING] EvalMaxSAT_2024 on spot5_wt-29.wcsp.dir.wcnf.xz
[FINISHED] EvalMaxSAT_2024 on spot5_wt-29.wcsp.dir.wcnf.xz (1.295s, Code: 30)
[Sat May 16 00:09:59 CEST 2026] Slurm Node Array Instance 13 complete.
=== JOB_STATISTICS ===
=== current date     : Sat May 16 00:10:00 CEST 2026
= Job-ID             : 11652759 on woody
= Job-Name           : mse2024_eval
= Job-Command        : /home/hpc/tunu/tunu104h/maxsat-evaluation-2024/submit_eval.sbatch
= Initial workdir    : /home/hpc/tunu/tunu104h/maxsat-evaluation-2024
= Queue/Partition    : work
= Slurm account      : tunu with QOS=normal
= Requested resources:  for 1-00:00:00
= Elapsed runtime    : 00:00:08
= Total RAM usage    : 0.1 GiB of requested  GiB (%)   
= Node list          : w1401
= Subm/Elig/Start/End: 2026-05-16T00:09:50 / 2026-05-16T00:09:50 / 2026-05-16T00:09:51 / 2026-05-16T00:09:59
======================
=== Quota infos ======
    Path                 Used     SoftQ    HardQ    Gracetime  Filec    FileQ    FiHaQ    FileGrace    
    /home/woody          2312.1M  1000.0G  1500.0G        N/A  40,812    5,000K   7,500K        N/A    
    /home/hpc              38.3G   104.9G   209.7G        N/A  41,180      500K   1,000K        N/A    
    /home/vault             0.0K  1048.6G  2097.2G        N/A       1      200K     400K        N/A    
