### Starting TaskPrologue of job 11652706 on w1501 at Fri May 15 23:46:09 CEST 2026
#   SLURM_JOB_NODELIST=w1501
#   SLURM_JOB_NUM_NODES=1
#   SLURM_NTASKS=1
#   SLURM_NPROCS=1
#   SLURM_TASKS_PER_NODE=1
#   SLURM_JOB_CPUS_PER_NODE=1
#   SLURM_EXPORT_ENV=
Running on cores 0 with govenor powersave
### Finished TaskPrologue
[Fri May 15 23:46:09 CEST 2026] Slurm Master Job Matrix Initialized: ID=11652706 | Array_ID=0
Targeting global output folder context: eval_20260515_234609
[Slurm Node Task 0] Assigned to target directory: eval_20260515_234609
[DECOMPRESSING] max-realizability_wt-power-distribution_2_2.wcnf.xz into sandbox...
[STARTING] CASHWMaxSAT-DisjCad-S6 on max-realizability_wt-power-distribution_2_2.wcnf.xz
[FINISHED] CASHWMaxSAT-DisjCad-S6 on max-realizability_wt-power-distribution_2_2.wcnf.xz (5.066s, Code: 0)
[Fri May 15 23:46:16 CEST 2026] Slurm Node Array Instance 0 complete.
=== JOB_STATISTICS ===
=== current date     : Fri May 15 23:46:17 CEST 2026
= Job-ID             : 11652706 on woody
= Job-Name           : mse2024_eval
= Job-Command        : /home/hpc/tunu/tunu104h/maxsat-evaluation-2024/submit_eval.sbatch
= Initial workdir    : /home/hpc/tunu/tunu104h/maxsat-evaluation-2024
= Queue/Partition    : work
= Slurm account      : tunu with QOS=normal
= Requested resources:  for 1-00:00:00
= Elapsed runtime    : 00:00:09
= Total RAM usage    : 0.1 GiB of requested  GiB (%)   
= Node list          : w1501
= Subm/Elig/Start/End: 2026-05-15T23:46:02 / 2026-05-15T23:46:02 / 2026-05-15T23:46:08 / 2026-05-15T23:46:17
======================
=== Quota infos ======
    Path                 Used     SoftQ    HardQ    Gracetime  Filec    FileQ    FiHaQ    FileGrace    
    /home/woody          2312.1M  1000.0G  1500.0G        N/A  40,812    5,000K   7,500K        N/A    
    /home/hpc              43.7G   104.9G   209.7G        N/A  41,118      500K   1,000K        N/A    
    /home/vault             0.0K  1048.6G  2097.2G        N/A       1      200K     400K        N/A    
