### Starting TaskPrologue of job 11652753 on w1556 at Sat May 16 00:09:52 CEST 2026
#   SLURM_JOB_NODELIST=w1556
#   SLURM_JOB_NUM_NODES=1
#   SLURM_NTASKS=1
#   SLURM_NPROCS=1
#   SLURM_TASKS_PER_NODE=1
#   SLURM_JOB_CPUS_PER_NODE=1
#   SLURM_EXPORT_ENV=ALL,RUN_TIMESTAMP=20260516_000950
Running on cores 1 with govenor powersave
### Finished TaskPrologue
[Sat May 16 00:09:53 CEST 2026] Slurm Master Job Matrix Initialized: ID=11652753 | Array_ID=7
Targeting global output folder context: eval_20260516_000950
[Slurm Node Task 7] Assigned to target directory: eval_20260516_000950
[DECOMPRESSING] protein_ins_wt-1vii_.1cph_.g.wcnf.t.wcnf.xz into sandbox...
[STARTING] CASHWMaxSAT-DisjCom-S9 on protein_ins_wt-1vii_.1cph_.g.wcnf.t.wcnf.xz
[FINISHED] CASHWMaxSAT-DisjCom-S9 on protein_ins_wt-1vii_.1cph_.g.wcnf.t.wcnf.xz (1.136s, Code: 0)
[Sat May 16 00:10:00 CEST 2026] Slurm Node Array Instance 7 complete.
=== JOB_STATISTICS ===
=== current date     : Sat May 16 00:10:01 CEST 2026
= Job-ID             : 11652753 on woody
= Job-Name           : mse2024_eval
= Job-Command        : /home/hpc/tunu/tunu104h/maxsat-evaluation-2024/submit_eval.sbatch
= Initial workdir    : /home/hpc/tunu/tunu104h/maxsat-evaluation-2024
= Queue/Partition    : work
= Slurm account      : tunu with QOS=normal
= Requested resources:  for 1-00:00:00
= Elapsed runtime    : 00:00:09
= Total RAM usage    : 0.1 GiB of requested  GiB (%)   
= Node list          : w1556
= Subm/Elig/Start/End: 2026-05-16T00:09:50 / 2026-05-16T00:09:50 / 2026-05-16T00:09:51 / 2026-05-16T00:10:00
======================
=== Quota infos ======
    Path                 Used     SoftQ    HardQ    Gracetime  Filec    FileQ    FiHaQ    FileGrace    
    /home/woody          2312.1M  1000.0G  1500.0G        N/A  40,812    5,000K   7,500K        N/A    
    /home/hpc              38.3G   104.9G   209.7G        N/A  41,187      500K   1,000K        N/A    
    /home/vault             0.0K  1048.6G  2097.2G        N/A       1      200K     400K        N/A    
