### Starting TaskPrologue of job 11967320 on w1347 at Tue Jun 23 12:55:37 CEST 2026
#   SLURM_JOB_NODELIST=w1347
#   SLURM_JOB_NUM_NODES=1
#   SLURM_NTASKS=1
#   SLURM_NPROCS=1
#   SLURM_TASKS_PER_NODE=1
#   SLURM_JOB_CPUS_PER_NODE=1
#   SLURM_EXPORT_ENV=ALL,RUN_TIMESTAMP=20260623_104556
Running on cores 2 with govenor powersave
### Finished TaskPrologue
[Tue Jun 23 12:55:38 CEST 2026] Slurm Master Job Matrix Initialized: ID=11967320 | Array_ID=564
Targeting global output folder context: eval_20260623_104556
[Slurm Node Task 564] Assigned to target directory: eval_20260623_104556
[DECOMPRESSING] warehouses_wt-cap132.wcsp.wcnf.xz into sandbox...
[STARTING] WMaxCDCL2024 on warehouses_wt-cap132.wcsp.wcnf.xz
[FINISHED] WMaxCDCL2024 on warehouses_wt-cap132.wcsp.wcnf.xz (1320.504s, Code: 30)
[Tue Jun 23 13:17:40 CEST 2026] Slurm Node Array Instance 564 complete.
=== JOB_STATISTICS ===
=== current date     : Tue Jun 23 13:17:40 CEST 2026
= Job-ID             : 11967320 on woody
= Job-Name           : satlib_mse2024_eval
= Job-Command        : /home/hpc/tunu/tunu104h/maxsat-evaluation-2024/submit_eval.sbatch
= Initial workdir    : /home/hpc/tunu/tunu104h/maxsat-evaluation-2024
= Queue/Partition    : work
= Slurm account      : tunu with QOS=normal
= Requested resources:  for 1-00:00:00
= Elapsed runtime    : 00:22:08
= Total RAM usage    : 1.3 GiB of requested  GiB (%)   
= Node list          : w1347
= Subm/Elig/Start/End: 2026-06-23T10:45:56 / 2026-06-23T12:55:32 / 2026-06-23T12:55:32 / 2026-06-23T13:17:40
======================
=== Quota infos ======
    Path                 Used     SoftQ    HardQ    Gracetime  Filec    FileQ    FiHaQ    FileGrace    
    /home/woody          2529.2M  1000.0G  1500.0G        N/A  41,480    5,000K   7,500K        N/A    
    /home/hpc              49.4G   104.9G   209.7G        N/A      71K     500K   1,000K        N/A    
    /home/vault             0.0K  1048.6G  2097.2G        N/A       1      200K     400K        N/A    
