### Starting TaskPrologue of job 11966402 on w2505 at Tue Jun 23 11:06:15 CEST 2026
#   SLURM_JOB_NODELIST=w2505
#   SLURM_JOB_NUM_NODES=1
#   SLURM_NTASKS=1
#   SLURM_NPROCS=1
#   SLURM_TASKS_PER_NODE=1
#   SLURM_JOB_CPUS_PER_NODE=1
#   SLURM_EXPORT_ENV=ALL,RUN_TIMESTAMP=20260623_104556
Running on cores 24 with govenor powersave
### Finished TaskPrologue
[Tue Jun 23 11:06:15 CEST 2026] Slurm Master Job Matrix Initialized: ID=11966402 | Array_ID=221
Targeting global output folder context: eval_20260623_104556
[Slurm Node Task 221] Assigned to target directory: eval_20260623_104556
[DECOMPRESSING] frb_wt-frb40-19-3.wcnf.xz into sandbox...
[STARTING] WMaxCDCL2024 on frb_wt-frb40-19-3.wcnf.xz
[TIMEOUT] WMaxCDCL2024 on frb_wt-frb40-19-3.wcnf.xz (>7200s)
[Tue Jun 23 13:06:21 CEST 2026] Slurm Node Array Instance 221 complete.
=== JOB_STATISTICS ===
=== current date     : Tue Jun 23 13:06:23 CEST 2026
= Job-ID             : 11966402 on woody
= Job-Name           : satlib_mse2024_eval
= Job-Command        : /home/hpc/tunu/tunu104h/maxsat-evaluation-2024/submit_eval.sbatch
= Initial workdir    : /home/hpc/tunu/tunu104h/maxsat-evaluation-2024
= Queue/Partition    : work
= Slurm account      : tunu with QOS=normal
= Requested resources:  for 1-00:00:00
= Elapsed runtime    : 02:00:11
= Total RAM usage    : 2.5 GiB of requested  GiB (%)   
= Node list          : w2505
= Subm/Elig/Start/End: 2026-06-23T10:45:56 / 2026-06-23T11:06:11 / 2026-06-23T11:06:11 / 2026-06-23T13:06:22
======================
=== Quota infos ======
    Path                 Used     SoftQ    HardQ    Gracetime  Filec    FileQ    FiHaQ    FileGrace    
    /home/woody          2529.2M  1000.0G  1500.0G        N/A  41,480    5,000K   7,500K        N/A    
    /home/hpc              49.4G   104.9G   209.7G        N/A      71K     500K   1,000K        N/A    
    /home/vault             0.0K  1048.6G  2097.2G        N/A       1      200K     400K        N/A    
