### Starting TaskPrologue of job 11966147 on w2506 at Tue Jun 23 10:46:07 CEST 2026
#   SLURM_JOB_NODELIST=w2506
#   SLURM_JOB_NUM_NODES=1
#   SLURM_NTASKS=1
#   SLURM_NPROCS=1
#   SLURM_TASKS_PER_NODE=1
#   SLURM_JOB_CPUS_PER_NODE=1
#   SLURM_EXPORT_ENV=ALL,RUN_TIMESTAMP=20260623_104556
Running on cores 28 with govenor powersave
### Finished TaskPrologue
[Tue Jun 23 10:46:08 CEST 2026] Slurm Master Job Matrix Initialized: ID=11966147 | Array_ID=23
Targeting global output folder context: eval_20260623_104556
[Slurm Node Task 23] Assigned to target directory: eval_20260623_104556
[DECOMPRESSING] CSG_wt-CSGNaive60-60-53.wcnf.xz into sandbox...
[STARTING] WMaxCDCL2024 on CSG_wt-CSGNaive60-60-53.wcnf.xz
[FINISHED] WMaxCDCL2024 on CSG_wt-CSGNaive60-60-53.wcnf.xz (0.112s, Code: 30)
[Tue Jun 23 10:46:09 CEST 2026] Slurm Node Array Instance 23 complete.
=== JOB_STATISTICS ===
=== current date     : Tue Jun 23 10:46:10 CEST 2026
= Job-ID             : 11966147 on woody
= Job-Name           : satlib_mse2024_eval
= Job-Command        : /home/hpc/tunu/tunu104h/maxsat-evaluation-2024/submit_eval.sbatch
= Initial workdir    : /home/hpc/tunu/tunu104h/maxsat-evaluation-2024
= Queue/Partition    : work
= Slurm account      : tunu with QOS=normal
= Requested resources:  for 1-00:00:00
= Elapsed runtime    : 00:00:04
= Total RAM usage    : 0.1 GiB of requested  GiB (%)   
= Node list          : w2506
= Subm/Elig/Start/End: 2026-06-23T10:45:56 / 2026-06-23T10:45:56 / 2026-06-23T10:46:05 / 2026-06-23T10:46:09
======================
=== Quota infos ======
    Path                 Used     SoftQ    HardQ    Gracetime  Filec    FileQ    FiHaQ    FileGrace    
    /home/woody          2529.2M  1000.0G  1500.0G        N/A  41,480    5,000K   7,500K        N/A    
    /home/hpc              49.2G   104.9G   209.7G        N/A      69K     500K   1,000K        N/A    
    /home/vault             0.0K  1048.6G  2097.2G        N/A       1      200K     400K        N/A    
