### Starting TaskPrologue of job 11966246 on w2508 at Tue Jun 23 10:46:16 CEST 2026
#   SLURM_JOB_NODELIST=w2508
#   SLURM_JOB_NUM_NODES=1
#   SLURM_NTASKS=1
#   SLURM_NPROCS=1
#   SLURM_TASKS_PER_NODE=1
#   SLURM_JOB_CPUS_PER_NODE=1
#   SLURM_EXPORT_ENV=ALL,RUN_TIMESTAMP=20260623_104556
Running on cores 21 with govenor powersave
### Finished TaskPrologue
[Tue Jun 23 10:46:17 CEST 2026] Slurm Master Job Matrix Initialized: ID=11966246 | Array_ID=122
Targeting global output folder context: eval_20260623_104556
[Slurm Node Task 122] Assigned to target directory: eval_20260623_104556
[DECOMPRESSING] causal-discovery_wt-causal_Bands_6_277.wcnf.xz into sandbox...
[STARTING] WMaxCDCL2024 on causal-discovery_wt-causal_Bands_6_277.wcnf.xz
[FINISHED] WMaxCDCL2024 on causal-discovery_wt-causal_Bands_6_277.wcnf.xz (1221.721s, Code: 30)
[Tue Jun 23 11:06:40 CEST 2026] Slurm Node Array Instance 122 complete.
=== JOB_STATISTICS ===
=== current date     : Tue Jun 23 11:06:40 CEST 2026
= Job-ID             : 11966246 on woody
= Job-Name           : satlib_mse2024_eval
= Job-Command        : /home/hpc/tunu/tunu104h/maxsat-evaluation-2024/submit_eval.sbatch
= Initial workdir    : /home/hpc/tunu/tunu104h/maxsat-evaluation-2024
= Queue/Partition    : work
= Slurm account      : tunu with QOS=normal
= Requested resources:  for 1-00:00:00
= Elapsed runtime    : 00:20:25
= Total RAM usage    : 1.0 GiB of requested  GiB (%)   
= Node list          : w2508
= Subm/Elig/Start/End: 2026-06-23T10:45:56 / 2026-06-23T10:46:15 / 2026-06-23T10:46:15 / 2026-06-23T11:06:40
======================
=== Quota infos ======
    Path                 Used     SoftQ    HardQ    Gracetime  Filec    FileQ    FiHaQ    FileGrace    
    /home/woody          2529.2M  1000.0G  1500.0G        N/A  41,480    5,000K   7,500K        N/A    
    /home/hpc              49.3G   104.9G   209.7G        N/A      70K     500K   1,000K        N/A    
    /home/vault             0.0K  1048.6G  2097.2G        N/A       1      200K     400K        N/A    
