### Starting TaskPrologue of job 11966503 on w1314 at Tue Jun 23 11:22:15 CEST 2026
#   SLURM_JOB_NODELIST=w1314
#   SLURM_JOB_NUM_NODES=1
#   SLURM_NTASKS=1
#   SLURM_NPROCS=1
#   SLURM_TASKS_PER_NODE=1
#   SLURM_JOB_CPUS_PER_NODE=1
#   SLURM_EXPORT_ENV=ALL,RUN_TIMESTAMP=20260623_104556
Running on cores 3 with govenor powersave
### Finished TaskPrologue
[Tue Jun 23 11:22:15 CEST 2026] Slurm Master Job Matrix Initialized: ID=11966503 | Array_ID=267
Targeting global output folder context: eval_20260623_104556
[Slurm Node Task 267] Assigned to target directory: eval_20260623_104556
[DECOMPRESSING] lisbon-wedding_wt-lisbon-wedding-9-18.wcnf.xz into sandbox...
[STARTING] WMaxCDCL2024 on lisbon-wedding_wt-lisbon-wedding-9-18.wcnf.xz
[TIMEOUT] WMaxCDCL2024 on lisbon-wedding_wt-lisbon-wedding-9-18.wcnf.xz (>7200s)
[Tue Jun 23 13:22:22 CEST 2026] Slurm Node Array Instance 267 complete.
=== JOB_STATISTICS ===
=== current date     : Tue Jun 23 13:22:24 CEST 2026
= Job-ID             : 11966503 on woody
= Job-Name           : satlib_mse2024_eval
= Job-Command        : /home/hpc/tunu/tunu104h/maxsat-evaluation-2024/submit_eval.sbatch
= Initial workdir    : /home/hpc/tunu/tunu104h/maxsat-evaluation-2024
= Queue/Partition    : work
= Slurm account      : tunu with QOS=normal
= Requested resources:  for 1-00:00:00
= Elapsed runtime    : 02:00:13
= Total RAM usage    : 0.4 GiB of requested  GiB (%)   
= Node list          : w1314
= Subm/Elig/Start/End: 2026-06-23T10:45:56 / 2026-06-23T11:22:10 / 2026-06-23T11:22:10 / 2026-06-23T13:22:23
======================
=== Quota infos ======
    Path                 Used     SoftQ    HardQ    Gracetime  Filec    FileQ    FiHaQ    FileGrace    
    /home/woody          2529.2M  1000.0G  1500.0G        N/A  41,480    5,000K   7,500K        N/A    
    /home/hpc              49.4G   104.9G   209.7G        N/A      71K     500K   1,000K        N/A    
    /home/vault             0.0K  1048.6G  2097.2G        N/A       1      200K     400K        N/A    
