### Starting TaskPrologue of job 11966564 on w1316 at Tue Jun 23 11:33:35 CEST 2026
#   SLURM_JOB_NODELIST=w1316
#   SLURM_JOB_NUM_NODES=1
#   SLURM_NTASKS=1
#   SLURM_NPROCS=1
#   SLURM_TASKS_PER_NODE=1
#   SLURM_JOB_CPUS_PER_NODE=1
#   SLURM_EXPORT_ENV=ALL,RUN_TIMESTAMP=20260623_104556
Running on cores 1 with govenor powersave
### Finished TaskPrologue
[Tue Jun 23 11:33:36 CEST 2026] Slurm Master Job Matrix Initialized: ID=11966564 | Array_ID=292
Targeting global output folder context: eval_20260623_104556
[Slurm Node Task 292] Assigned to target directory: eval_20260623_104556
[DECOMPRESSING] metro_wt-metro_9_8_7_30_10_6_500_1_3.lp.sm-extracted.wcnf.xz into sandbox...
[STARTING] WMaxCDCL2024 on metro_wt-metro_9_8_7_30_10_6_500_1_3.lp.sm-extracted.wcnf.xz
[FINISHED] WMaxCDCL2024 on metro_wt-metro_9_8_7_30_10_6_500_1_3.lp.sm-extracted.wcnf.xz (318.549s, Code: 30)
[Tue Jun 23 11:38:57 CEST 2026] Slurm Node Array Instance 292 complete.
=== JOB_STATISTICS ===
=== current date     : Tue Jun 23 11:38:57 CEST 2026
= Job-ID             : 11966564 on woody
= Job-Name           : satlib_mse2024_eval
= Job-Command        : /home/hpc/tunu/tunu104h/maxsat-evaluation-2024/submit_eval.sbatch
= Initial workdir    : /home/hpc/tunu/tunu104h/maxsat-evaluation-2024
= Queue/Partition    : work
= Slurm account      : tunu with QOS=normal
= Requested resources:  for 1-00:00:00
= Elapsed runtime    : 00:05:26
= Total RAM usage    : 0.1 GiB of requested  GiB (%)   
= Node list          : w1316
= Subm/Elig/Start/End: 2026-06-23T10:45:56 / 2026-06-23T11:33:31 / 2026-06-23T11:33:31 / 2026-06-23T11:38:57
======================
=== Quota infos ======
    Path                 Used     SoftQ    HardQ    Gracetime  Filec    FileQ    FiHaQ    FileGrace    
    /home/woody          2529.2M  1000.0G  1500.0G        N/A  41,480    5,000K   7,500K        N/A    
    /home/hpc              49.3G   104.9G   209.7G        N/A      70K     500K   1,000K        N/A    
    /home/vault             0.0K  1048.6G  2097.2G        N/A       1      200K     400K        N/A    
