### Starting TaskPrologue of job 11967130 on w1346 at Tue Jun 23 12:46:26 CEST 2026
#   SLURM_JOB_NODELIST=w1346
#   SLURM_JOB_NUM_NODES=1
#   SLURM_NTASKS=1
#   SLURM_NPROCS=1
#   SLURM_TASKS_PER_NODE=1
#   SLURM_JOB_CPUS_PER_NODE=1
#   SLURM_EXPORT_ENV=ALL,RUN_TIMESTAMP=20260623_104556
Running on cores 3 with govenor powersave
### Finished TaskPrologue
[Tue Jun 23 12:46:26 CEST 2026] Slurm Master Job Matrix Initialized: ID=11967130 | Array_ID=460
Targeting global output folder context: eval_20260623_104556
[Slurm Node Task 460] Assigned to target directory: eval_20260623_104556
[DECOMPRESSING] spot5_wt-1504.wcsp.dir.wcnf.xz into sandbox...
[STARTING] WMaxCDCL2024 on spot5_wt-1504.wcsp.dir.wcnf.xz
[FINISHED] WMaxCDCL2024 on spot5_wt-1504.wcsp.dir.wcnf.xz (17.883s, Code: 30)
[Tue Jun 23 12:46:46 CEST 2026] Slurm Node Array Instance 460 complete.
=== JOB_STATISTICS ===
=== current date     : Tue Jun 23 12:46:47 CEST 2026
= Job-ID             : 11967130 on woody
= Job-Name           : satlib_mse2024_eval
= Job-Command        : /home/hpc/tunu/tunu104h/maxsat-evaluation-2024/submit_eval.sbatch
= Initial workdir    : /home/hpc/tunu/tunu104h/maxsat-evaluation-2024
= Queue/Partition    : work
= Slurm account      : tunu with QOS=normal
= Requested resources:  for 1-00:00:00
= Elapsed runtime    : 00:00:25
= Total RAM usage    : 0.2 GiB of requested  GiB (%)   
= Node list          : w1346
= Subm/Elig/Start/End: 2026-06-23T10:45:56 / 2026-06-23T12:46:21 / 2026-06-23T12:46:21 / 2026-06-23T12:46:46
======================
=== Quota infos ======
    Path                 Used     SoftQ    HardQ    Gracetime  Filec    FileQ    FiHaQ    FileGrace    
    /home/woody          2529.2M  1000.0G  1500.0G        N/A  41,480    5,000K   7,500K        N/A    
    /home/hpc              49.3G   104.9G   209.7G        N/A      70K     500K   1,000K        N/A    
    /home/vault             0.0K  1048.6G  2097.2G        N/A       1      200K     400K        N/A    
