### Starting TaskPrologue of job 11666644 on w1344 at Sun May 17 20:31:33 CEST 2026
#   SLURM_JOB_NODELIST=w1344
#   SLURM_JOB_NUM_NODES=1
#   SLURM_NTASKS=1
#   SLURM_NPROCS=1
#   SLURM_TASKS_PER_NODE=1
#   SLURM_JOB_CPUS_PER_NODE=1
#   SLURM_EXPORT_ENV=ALL,RUN_TIMESTAMP=20260517_203100
Running on cores 3 with govenor powersave
### Finished TaskPrologue
[Sun May 17 20:31:34 CEST 2026] Slurm Master Job Matrix Initialized: ID=11666644 | Array_ID=8
Targeting global output folder context: eval_20260517_203100
[Slurm Node Task 8] Assigned to target directory: eval_20260517_203100
[DECOMPRESSING] synplicate_new-synplicate_synthetic_dag_run2_11_size_10_ms_26_50_0_erm.wcnf.xz into sandbox...
[STARTING] WMaxCDCL2024 on synplicate_new-synplicate_synthetic_dag_run2_11_size_10_ms_26_50_0_erm.wcnf.xz
[FINISHED] WMaxCDCL2024 on synplicate_new-synplicate_synthetic_dag_run2_11_size_10_ms_26_50_0_erm.wcnf.xz (11684.457s, Code: 30)
[Sun May 17 23:46:22 CEST 2026] Slurm Node Array Instance 8 complete.
=== JOB_STATISTICS ===
=== current date     : Sun May 17 23:46:23 CEST 2026
= Job-ID             : 11666644 on woody
= Job-Name           : mse2024_eval
= Job-Command        : /home/hpc/tunu/tunu104h/maxsat-evaluation-2024/submit_eval.sbatch
= Initial workdir    : /home/hpc/tunu/tunu104h/maxsat-evaluation-2024
= Queue/Partition    : work
= Slurm account      : tunu with QOS=normal
= Requested resources:  for 1-00:00:00
= Elapsed runtime    : 03:14:54
= Total RAM usage    : 1.1 GiB of requested  GiB (%)   
= Node list          : w1344
= Subm/Elig/Start/End: 2026-05-17T20:31:00 / 2026-05-17T20:31:01 / 2026-05-17T20:31:28 / 2026-05-17T23:46:22
======================
=== Quota infos ======
    Path                 Used     SoftQ    HardQ    Gracetime  Filec    FileQ    FiHaQ    FileGrace    
    /home/woody          2315.3M  1000.0G  1500.0G        N/A  40,862    5,000K   7,500K        N/A    
    /home/hpc              48.1G   104.9G   209.7G        N/A  42,266      500K   1,000K        N/A    
    /home/vault             0.0K  1048.6G  2097.2G        N/A       1      200K     400K        N/A    
